
> @flow/epubjs@0.3.93 test /opt/stacks/flow/packages/epubjs
> karma start --single-run --browsers ChromeHeadlessNoSandbox

webpack was not included as a framework in karma configuration, setting this automatically...

karma-webpack does not currently support custom entries, if this is something you need,
consider opening an issue.
ignoring attempt to set the entry option...
      
karma-webpack does not support custom optimization configurations for webpack, the optimizations passed will be ignored.

START:
Webpack bundling...
Browserslist: browsers data (caniuse-lite) is 14 months old. Please run:
  npx update-browserslist-db@latest
  Why you should do it regularly: https://github.com/browserslist/update-db#readme
assets by status 5.51 KiB [1m[33m[compared for emit][39m[22m
  asset [1m[32mlocations.1304279476.js[39m[22m 950 bytes [1m[33m[compared for emit][39m[22m (name: locations.1304279476) 1 related asset
  asset [1m[32mepubcfi.4193169495.js[39m[22m 944 bytes [1m[33m[compared for emit][39m[22m (name: epubcfi.4193169495) 1 related asset
  asset [1m[32msection.500316972.js[39m[22m 942 bytes [1m[33m[compared for emit][39m[22m (name: section.500316972) 1 related asset
  asset [1m[32mbook.3391110574.js[39m[22m 935 bytes [1m[33m[compared for emit][39m[22m (name: book.3391110574) 1 related asset
  asset [1m[32mepub.3647758105.js[39m[22m 935 bytes [1m[33m[compared for emit][39m[22m (name: epub.3647758105) 1 related asset
  asset [1m[32mcore.571919594.js[39m[22m 933 bytes [1m[33m[compared for emit][39m[22m (name: core.571919594) 1 related asset
assets by status 1.45 MiB [1m[32m[emitted][39m[22m
  asset [1m[33mcommons.js[39m[22m [1m[33m1.44 MiB[39m[22m [1m[32m[emitted][39m[22m [1m[33m[big][39m[22m (name: commons) (id hint: commons) 1 related asset
  asset [1m[32mruntime.js[39m[22m 6.97 KiB [1m[32m[emitted][39m[22m (name: runtime) 1 related asset

[1m[31mERROR[39m[22m in [1m./test/epubcfi.js[39m[22m [1m[32m5:21-48[39m[22m
[1mModule [1m[31mnot found[39m[22m[1m: [1m[31mError[39m[22m[1m: Can't resolve 'xmldom' in '/opt/stacks/flow/packages/epubjs/test'[39m[22m
resolve 'xmldom' in '/opt/stacks/flow/packages/epubjs/test'
  Parsed request is a module
  using description file: /opt/stacks/flow/packages/epubjs/package.json (relative path: ./test)
    Field 'browser' doesn't contain a valid alias configuration
    resolve as module
[1m[31m      /opt/stacks/flow/packages/epubjs/test/node_modules doesn't exist[39m[22m or is not a directory
      looking for modules in /opt/stacks/flow/packages/epubjs/node_modules
        single file module
          using description file: /opt/stacks/flow/packages/epubjs/package.json (relative path: ./node_modules/xmldom)
            no extension
              Field 'browser' doesn't contain a valid alias configuration
[1m[31m              /opt/stacks/flow/packages/epubjs/node_modules/xmldom doesn't exist[39m[22m
            .js
              Field 'browser' doesn't contain a valid alias configuration
[1m[31m              /opt/stacks/flow/packages/epubjs/node_modules/xmldom.js doesn't exist[39m[22m
            .json
              Field 'browser' doesn't contain a valid alias configuration
[1m[31m              /opt/stacks/flow/packages/epubjs/node_modules/xmldom.json doesn't exist[39m[22m
            .wasm
              Field 'browser' doesn't contain a valid alias configuration
[1m[31m              /opt/stacks/flow/packages/epubjs/node_modules/xmldom.wasm doesn't exist[39m[22m
[1m[31m        /opt/stacks/flow/packages/epubjs/node_modules/xmldom doesn't exist[39m[22m
[1m[31m      /opt/stacks/flow/packages/node_modules doesn't exist[39m[22m or is not a directory
      looking for modules in /opt/stacks/flow/node_modules
        single file module
          using description file: /opt/stacks/flow/package.json (relative path: ./node_modules/xmldom)
            no extension
              Field 'browser' doesn't contain a valid alias configuration
[1m[31m              /opt/stacks/flow/node_modules/xmldom doesn't exist[39m[22m
            .js
              Field 'browser' doesn't contain a valid alias configuration
[1m[31m              /opt/stacks/flow/node_modules/xmldom.js doesn't exist[39m[22m
            .json
              Field 'browser' doesn't contain a valid alias configuration
[1m[31m              /opt/stacks/flow/node_modules/xmldom.json doesn't exist[39m[22m
            .wasm
              Field 'browser' doesn't contain a valid alias configuration
[1m[31m              /opt/stacks/flow/node_modules/xmldom.wasm doesn't exist[39m[22m
[1m[31m        /opt/stacks/flow/node_modules/xmldom doesn't exist[39m[22m
[1m[31m      /opt/stacks/node_modules doesn't exist[39m[22m or is not a directory
[1m[31m      /opt/node_modules doesn't exist[39m[22m or is not a directory
[1m[31m      /node_modules doesn't exist[39m[22m or is not a directory

webpack 5.105.4 compiled with [1m[31m1 error[39m[22m in 5789 ms
[32m21 03 2026 01:57:09.686:INFO [karma-server]: [39mKarma v6.4.4 server started at http://localhost:9877/
[32m21 03 2026 01:57:09.689:INFO [launcher]: [39mLaunching browsers ChromeHeadlessNoSandbox with concurrency unlimited
[32m21 03 2026 01:57:09.698:INFO [launcher]: [39mStarting browser ChromeHeadless
[32m21 03 2026 01:57:10.276:INFO [Chrome Headless 146.0.0.0 (Linux 0.0.0)]: [39mConnected on socket lWg8wdMDglrkjOO2AAAB with id 33745490
[33m21 03 2026 01:57:10.539:WARN [web-server]: [39m404: /base/test/fixtures/alice/OPS/META-INF/com.apple.ibooks.display-options.xml
[33m21 03 2026 01:57:10.766:WARN [web-server]: [39m404: /base/test/fixtures/alice/OPS/META-INF/com.apple.ibooks.display-options.xml
  Book
    Unarchived
      ✖ should open a epub
      ✖ should have a local coverUrl
    Archived epub
      ✔ should open a archived epub
      ✖ should have a blob coverUrl
    Archived epub in array buffer without options
      ✔ should open a archived epub
      ✖ should have a blob coverUrl
    Archived epub without cover
      ✔ should open a archived epub
      ✔ should have a empty coverUrl
  Core
    Url
      ✔ Url()
      #resolve()
        ✔ should join subfolders
        ✔ should resolve up a level
        ✔ should resolve absolute
        ✔ should resolve with search strings
        ✖ should handle directory with a dot (skipped)
        ✔ should handle file urls
        ✔ should resolve with file urls
    Path
      ✔ Path()
      ✔ Strip out url
      #parse()
        ✔ should parse a path
        ✔ should parse a relative path
      #isDirectory()
        ✔ should recognize a directory
      #resolve()
        ✔ should resolve a path
        ✔ should resolve a relative path
        ✔ should resolve a level up
      #relative()
        ✔ should find a relative path at the same level
        ✔ should find a relative path down a level
        ✔ should resolve a level up
  ePub
    ✖ should open a epub
    ✔ should open a archived epub
  EpubCFI
    ✔ parse a cfi on init
    ✔ parse a cfi and ignore the base if present
    #parse()
      ✔ parse a cfi on init
      ✔ parse a cfi and ignore the base if present
      ✔ parse a cfi with a character offset
      ✔ parse a cfi with a range
    #toString()
      ✔ parse a cfi and write it back
    #checkType()
      ✔ determine the type of a cfi string
      ✔ determine the type of a cfi
      ✔ determine the type of a node
      ✔ determine the type of a range
    #compare()
      ✔ compare CFIs
    #fromNode()
      ✔ get a cfi from a p node
      ✔ get a cfi from a text node
      ✔ get a cfi from a text node inside a highlight
      ✔ get a cfi from a highlight node
    #fromRange()
      ✔ get a cfi from a collapsed range
      ✔ get a cfi from a range
      ✔ get a cfi from a range with offset 0
      ✔ get a cfi from a range inside a highlight
      ✔ get a cfi from a range past a highlight
[33m21 03 2026 01:57:10.887:WARN [web-server]: [39m404: /base/test/fixtures/alice/META-INF/com.apple.ibooks.display-options.xml
[33m21 03 2026 01:57:10.923:WARN [web-server]: [39m404: /base/test/fixtures/alice/META-INF/com.apple.ibooks.display-options.xml
[33m21 03 2026 01:57:10.957:WARN [web-server]: [39m404: /base/test/fixtures/alice/META-INF/com.apple.ibooks.display-options.xml
[33m21 03 2026 01:57:10.991:WARN [web-server]: [39m404: /base/test/fixtures/alice/META-INF/com.apple.ibooks.display-options.xml
      ✔ get a cfi from a range in between two highlights
      ✔ correctly count text nodes, independent of any elements present inbetween
    #toRange()
      ✔ get a range from a cfi
      ✔ get a range from a cfi with a range
      ✔ get a cfi from a range inside a highlight
      ✔ get a cfi from a range inside a highlight range
  Locations
    #parse
      ✔ parse locations from a document
      ✔ parse locations from xmldom
  section
    ✖ finds a single result in a section
    ✖ finds multiple results in a section
    ✖ finds result that spanning multiple document nodes, tag at ending
    ✖ finds result that spanning multiple document nodes, tag at middle

Finished in 0.501 secs / 0.455 secs @ 01:57:11 GMT+0800 (中国标准时间)

SUMMARY:
✔ 52 tests completed
ℹ 1 test skipped
✖ 9 tests failed

FAILED TESTS:
  Book
    Unarchived
      ✖ should open a epub
        Chrome Headless 146.0.0.0 (Linux 0.0.0)
      AssertionError [ERR_ASSERTION]: book url is passed to new Book
          at Context.<anonymous> (dist/commons.js:20095:53)

      ✖ should have a local coverUrl
        Chrome Headless 146.0.0.0 (Linux 0.0.0)
      AssertionError [ERR_ASSERTION]: cover url is available
          at Context.<anonymous> (dist/commons.js:20098:53)

    Archived epub
      ✖ should have a blob coverUrl
        Chrome Headless 146.0.0.0 (Linux 0.0.0)
      AssertionError [ERR_ASSERTION]: cover url is available and a blob: url
          at Context.<anonymous> (dist/commons.js:20110:52)

    Archived epub in array buffer without options
      ✖ should have a blob coverUrl
        Chrome Headless 146.0.0.0 (Linux 0.0.0)
      AssertionError [ERR_ASSERTION]: cover url is available and a blob: url
          at Context.<anonymous> (dist/commons.js:20127:52)

  ePub
    ✖ should open a epub
      Chrome Headless 146.0.0.0 (Linux 0.0.0)
    AssertionError [ERR_ASSERTION]: book url is passed to new Book
        at dist/commons.js:20347:53

  section
    ✖ finds a single result in a section
      Chrome Headless 146.0.0.0 (Linux 0.0.0)
    AssertionError [ERR_ASSERTION]: 'epubcfi(/6/8!/4/2/16,/1:275,/1:323)' == 'epubcfi(/6/8[chapter_001]!/4/2/16,/1:275,/1:323)'
        at dist/commons.js:20742:57
        at Array.forEach (<anonymous>)
        at dist/commons.js:20740:38

    ✖ finds multiple results in a section
      Chrome Headless 146.0.0.0 (Linux 0.0.0)
    AssertionError [ERR_ASSERTION]: 'epubcfi(/6/8!/4/2/8,/1:240,/1:252)' == 'epubcfi(/6/8[chapter_001]!/4/2/8,/1:240,/1:252)'
        at dist/commons.js:20761:57
        at Array.forEach (<anonymous>)
        at dist/commons.js:20759:38

    ✖ finds result that spanning multiple document nodes, tag at ending
      Chrome Headless 146.0.0.0 (Linux 0.0.0)
    AssertionError [ERR_ASSERTION]: 'epubcfi(/6/26!/4/2/6,/1:5,/2/1:3)' == 'epubcfi(/6/26[chapter_010]!/4/2/6,/1:5,/2/1:3)'
        at dist/commons.js:20782:55

    ✖ finds result that spanning multiple document nodes, tag at middle
      Chrome Headless 146.0.0.0 (Linux 0.0.0)
    AssertionError [ERR_ASSERTION]: 'epubcfi(/6/26!/4/2/6,/1:5,/3:12)' == 'epubcfi(/6/26[chapter_010]!/4/2/6,/1:5,/3:12)'
        at dist/commons.js:20800:55

/opt/stacks/flow/packages/epubjs:
 ERR_PNPM_RECURSIVE_RUN_FIRST_FAIL  @flow/epubjs@0.3.93 test: `karma start --single-run --browsers ChromeHeadlessNoSandbox`
Exit status 1
